NAME      DESCRIPTION      STARS     OFFICIAL   AUTOMATED
result1   Official build   15000      [OK]       
result2   Not official     5                    [OK]
